sois@sois-VirtualBox:~$ jps
2377 Jps
sois@sois-VirtualBox:~$ start-dfs.sh && start-yarn.sh  #yarn is a type of os yarn stands for Yet Another Resource Negotiator
Starting namenodes on [localhost]
Starting datanodes
Starting secondary namenodes [sois-VirtualBox]
Starting resourcemanager
Starting nodemanagers
sois@sois-VirtualBox:~$ jps
3314 ResourceManager
2803 DataNode
3479 NodeManager
3816 Jps
3017 SecondaryNameNode
2639 NameNode
sois@sois-VirtualBox:~$ ls
 awkscript.awk      Downloads             input              Pictures
 c                  dummy.sh              metastore_db       poem.txt
 categories.java    eclipse-workspace     Music              products.java
 customers.java     error                 new.jar            Public
 demo.perl          examples.desktop      new.txt            sample.txt
 demo.pl            file                  nw.txt             snap
 demo.txt           floder25              nww.txt            Templates
 departments.java   get-pip.py            order_items.java   Videos
 derby.log          hadoop-3.2.1.tar.gz   orders.java        wc.jar
 Desktop           'Hadoop ABD_Lab1'      output
 Documents          hi                    pattern.txt
sois@sois-VirtualBox:~$ hdfs dfs -ls /
Found 3 items
drwxr-xr-x   - sois supergroup          0 2024-01-23 15:33 /cdcMR
drwxrwxr-x   - sois supergroup          0 2021-01-15 16:51 /tmp
drwxr-xr-x   - sois supergroup          0 2024-02-27 15:47 /user
sois@sois-VirtualBox:~$ hdfs dfs -mkdir /ABDLab1
sois@sois-VirtualBox:~$ hdfs dfs -ls /
Found 4 items
drwxr-xr-x   - sois supergroup          0 2024-08-14 14:22 /ABDLab1
drwxr-xr-x   - sois supergroup          0 2024-01-23 15:33 /cdcMR
drwxrwxr-x   - sois supergroup          0 2021-01-15 16:51 /tmp
drwxr-xr-x   - sois supergroup          0 2024-02-27 15:47 /user
sois@sois-VirtualBox:~$ hdfs dfs -ls /ABDLab1/
sois@sois-VirtualBox:~$ pwd
/home/sois
sois@sois-VirtualBox:~$ gedit sample1.txt
sois@sois-VirtualBox:~$ hdfs dfs -put sample1.txt /ABDLab1/
2024-08-14 14:28:28,716 INFO sasl.SaslDataTransferClient: SASL encryption trust check: localHostTrusted = false, remoteHostTrusted = false
sois@sois-VirtualBox:~$ hdfs dfs -ls /ABDLab1
Found 1 items
-rw-r--r--   1 sois supergroup         23 2024-08-14 14:28 /ABDLab1/sample1.txt
sois@sois-VirtualBox:~$ mkdir ABDLab
sois@sois-VirtualBox:~$ cd ABDLab/
sois@sois-VirtualBox:~/ABDLab$ ls
sois@sois-VirtualBox:~/ABDLab$ cd ..
sois@sois-VirtualBox:~$ hdfs dfs -get /ABDLab1/sample1.txt/ABDLab/
get: `/ABDLab1/sample1.txt/ABDLab/': No such file or directory
sois@sois-VirtualBox:~$ hdfs dfs -get /ABDLab1/sample1.txt ./ABDLab/
2024-08-14 14:40:11,548 INFO sasl.SaslDataTransferClient: SASL encryption trust check: localHostTrusted = false, remoteHostTrusted = false
sois@sois-VirtualBox:~$ cd ABDLab/
sois@sois-VirtualBox:~/ABDLab$ ls
sample1.txt
hdfs dfs -mkdir /ABDLab1/retail_db
sois@sois-VirtualBox:~/ABDLab$ sqoop import --connect jdbc:mysql://localhost/retail_db?useSSL=false --username NIKHIL --password Nikhil --table products --warehouse-dir '/ABDLab1/retail_db'
sois@sois-VirtualBox:~/ABDLab$ sqoop import --connect jdbc:mysql://localhost/retail_db?useSSL=false --username NIKHIL --password Nikhil --table departments --warehouse-dir '/ABDLab1/retail_db'
sqoop import --connect jdbc:mysql://localhost/retail_db?useSSL=false --username NIKHIL --password Nikhil --table orders --target-dir '/ABDLab1/table1'
sois@sois-VirtualBox:~$ sqoop list-databases --connect jdbc:mysql://localhost?useSSL=false --username NIKHIL --password Nikhil
Warning: /opt/sqoop/../hbase does not exist! HBase imports will fail.
Please set $HBASE_HOME to the root of your HBase installation.
Warning: /opt/sqoop/../hcatalog does not exist! HCatalog jobs will fail.
Please set $HCAT_HOME to the root of your HCatalog installation.
Warning: /opt/sqoop/../accumulo does not exist! Accumulo imports will fail.
Please set $ACCUMULO_HOME to the root of your Accumulo installation.
Warning: /opt/sqoop/../zookeeper does not exist! Accumulo imports will fail.
Please set $ZOOKEEPER_HOME to the root of your Zookeeper installation.
/opt/hadoop/libexec/hadoop-functions.sh: line 2366: HADOOP_ORG.APACHE.SQOOP.SQOOP_USER: bad substitution
/opt/hadoop/libexec/hadoop-functions.sh: line 2461: HADOOP_ORG.APACHE.SQOOP.SQOOP_OPTS: bad substitution
2024-08-14 15:15:01,685 INFO sqoop.Sqoop: Running Sqoop version: 1.4.7
2024-08-14 15:15:01,934 WARN tool.BaseSqoopTool: Setting your password on the command-line is insecure. Consider using -P instead.
2024-08-14 15:15:02,239 INFO manager.MySQLManager: Preparing to use a MySQL streaming resultset.
Loading class `com.mysql.jdbc.Driver'. This is deprecated. The new driver class is `com.mysql.cj.jdbc.Driver'. The driver is automatically registered via the SPI and manual loading of the driver class is generally unnecessary.
information_schema
Programs
mysql
performance_schema
retail_db
student
students
sys
sois@sois-VirtualBox:~$ sqoop list-tables --connect jdbc:mysql://localhost/retail_db?useSSL=false --username NIKHIL --password Nikhil 
Warning: /opt/sqoop/../hbase does not exist! HBase imports will fail.
Please set $HBASE_HOME to the root of your HBase installation.
Warning: /opt/sqoop/../hcatalog does not exist! HCatalog jobs will fail.
Please set $HCAT_HOME to the root of your HCatalog installation.
Warning: /opt/sqoop/../accumulo does not exist! Accumulo imports will fail.
Please set $ACCUMULO_HOME to the root of your Accumulo installation.
Warning: /opt/sqoop/../zookeeper does not exist! Accumulo imports will fail.
Please set $ZOOKEEPER_HOME to the root of your Zookeeper installation.
/opt/hadoop/libexec/hadoop-functions.sh: line 2366: HADOOP_ORG.APACHE.SQOOP.SQOOP_USER: bad substitution
/opt/hadoop/libexec/hadoop-functions.sh: line 2461: HADOOP_ORG.APACHE.SQOOP.SQOOP_OPTS: bad substitution
2024-08-14 15:23:58,254 INFO sqoop.Sqoop: Running Sqoop version: 1.4.7
2024-08-14 15:23:58,517 WARN tool.BaseSqoopTool: Setting your password on the command-line is insecure. Consider using -P instead.
2024-08-14 15:23:58,804 INFO manager.MySQLManager: Preparing to use a MySQL streaming resultset.
Loading class `com.mysql.jdbc.Driver'. This is deprecated. The new driver class is `com.mysql.cj.jdbc.Driver'. The driver is automatically registered via the SPI and manual loading of the driver class is generally unnecessary.
categories
customers
departments
order_items
orders
products
mysql> GRANT ALL PRIVILEGES ON *.* TO 'NIKHIL'@'localhost' IDENTIFIED BY 'Nikhil';
Query OK, 0 rows affected, 1 warning (0.04 sec)
sois@sois-VirtualBox:~$ stop-dfs.sh && stop-yarn.sh
Stopping namenodes on [localhost]
Stopping datanodes
Stopping secondary namenodes [sois-VirtualBox]
Stopping nodemanagers
localhost: WARNING: nodemanager did not stop gracefully after 5 seconds: Trying to kill with kill -9
Stopping resourcemanager
sois@sois-VirtualBox:~$ jps
11373 Jps

